../Core/Src/main.c:207:5:main	8	static
../Core/Src/main.c:345:6:SystemClock_Config	96	static
../Core/Src/main.c:395:13:MX_TIM17_Init	8	static
../Core/Src/main.c:427:13:MX_USART2_UART_Init	8	static
../Core/Src/main.c:462:13:MX_GPIO_Init	48	static
../Core/Src/main.c:555:6:HAL_GPIO_EXTI_Callback	32	static
../Core/Src/main.c:590:1:__io_putchar	16	static
../Core/Src/main.c:600:5:random_wait	24	static
../Core/Src/main.c:621:6:Default_Task	16	static
../Core/Src/main.c:639:6:NotifyToggleTask	24	static
../Core/Src/main.c:661:6:SW_Timer_Task	16	static
../Core/Src/main.c:686:6:Mutex_CountUpTask	16	static
../Core/Src/main.c:715:6:Mutex_CountDownTask	16	static
../Core/Src/main.c:740:6:UpdateGlobDisplayProcess	16	static
../Core/Src/main.c:763:6:ResetGlobalTask	16	static
../Core/Src/main.c:791:6:StartDebounce	24	static
../Core/Src/main.c:823:6:Semaphore_Toggle_Task	16	static
../Core/Src/main.c:843:6:Semaphore_Toggle_D3	16	static
../Core/Src/main.c:861:6:Mutex_Dashed_Task	16	static
../Core/Src/main.c:881:6:SW_Timer_Countdown	16	static
../Core/Src/main.c:907:6:HAL_TIM_PeriodElapsedCallback	16	static
../Core/Src/main.c:929:6:Error_Handler	4	static,ignoring_inline_asm
